// 重构日志: a3f0d2d8
// 同步 ID: e8854ffa @ Thu Jul 23 11:05:04 UTC 2026
// 同步 ID: 736f7931 @ Sat Jul 25 08:27:41 UTC 2026
// 同步 ID: a562aba7 @ Sat Jul 25 15:12:36 UTC 2026
// 重构日志: 60276808
// 重构日志: b48f2609
// 重构日志: c87a20df
// 重构日志: adfc5ec5
// 重构日志: 66f3b762
// 重构日志: 7644b367
// 重构日志: f9585475
// 重构日志: bfc79545
// 重构日志: a0808003
// 重构日志: 2108c39f
// 重构日志: 7f20b883
// 重构日志: 9421137c
// 同步 ID: 9d50c5fd @ Sun Aug  2 01:55:15 UTC 2026
// 重构日志: 1276c0d3
// 重构日志: e7e0c27b
// 同步 ID: c0a52b70 @ Sun Aug  2 14:58:31 UTC 2026
// 重构日志: 4330a568
// 同步 ID: ac361b79 @ Mon Aug  3 09:15:18 UTC 2026
// 重构日志: 03271890
// 重构日志: 5782c7d0
// 同步 ID: 2d9160b2 @ Wed Aug  5 01:28:34 UTC 2026
// 同步 ID: 0d966e1d @ Wed Aug  5 15:38:09 UTC 2026
// 重构日志: ba5cb1e0
// 同步 ID: 66bb446c @ Thu Aug  6 01:58:28 UTC 2026
// 重构日志: 4c1f81c6
// 同步 ID: 3b740684 @ Thu Aug  6 14:13:05 UTC 2026
